// Jest Snapshot v1, https://goo.gl/fbAQLP

exports[`renders correctly shot 1`] = `
<View
  accessibilityComponentType={undefined}
  accessibilityLabel={undefined}
  accessibilityTraits={undefined}
  accessible={true}
  hasTVPreferredFocus={undefined}
  hitSlop={undefined}
  isTVSelectable={true}
  nativeID={undefined}
  onLayout={undefined}
  onResponderGrant={[Function]}
  onResponderMove={[Function]}
  onResponderRelease={[Function]}
  onResponderTerminate={[Function]}
  onResponderTerminationRequest={[Function]}
  onStartShouldSetResponder={[Function]}
  style={
    Array [
      Object {
        "alignItems": "center",
        "borderColor": "#ffffff",
        "borderRadius": 40,
        "borderWidth": 1,
        "display": "flex",
        "marginBottom": 15,
        "padding": 15,
      },
      Object {
        "backgroundColor": "transparent",
      },
    ]
  }
  testID={undefined}
  tvParallaxProperties={undefined}
>
  <View
    style={
      Object {
        "flexDirection": "row",
        "justifyContent": "flex-end",
      }
    }
  >
    <Text
      accessible={true}
      allowFontScaling={true}
      ellipsizeMode="tail"
      style={
        Array [
          Object {
            "fontSize": 16,
            "textAlign": "center",
            "width": "100%",
          },
          Object {
            "color": "#000000",
          },
        ]
      }
    >
      测试
    </Text>
  </View>
</View>
`;
