// Jest Snapshot v1, https://goo.gl/fbAQLP

exports[`should return shot 1`] = `
<View
  collapsable={undefined}
  style={
    Object {
      "backgroundColor": "#ffffff",
      "height": 60,
      "padding": 10,
      "transform": Array [
        Object {
          "translateY": 60,
        },
      ],
      "width": "100%",
    }
  }
>
  <View
    style={
      Object {
        "alignItems": "flex-start",
        "flexDirection": "row",
        "flexWrap": "wrap",
      }
    }
  >
    <Text
      accessible={true}
      allowFontScaling={true}
      ellipsizeMode="tail"
      style={
        Object {
          "color": "#d93900",
          "fontSize": 14,
          "marginBottom": 2,
          "marginRight": 5,
        }
      }
    >
      success
    </Text>
    <Text
      accessible={true}
      allowFontScaling={true}
      ellipsizeMode="tail"
      style={
        Object {
          "fontSize": 14,
          "marginBottom": 2,
        }
      }
    >
      first
    </Text>
    <Text
      accessible={true}
      allowFontScaling={true}
      ellipsizeMode="tail"
      style={
        Object {
          "fontSize": 14,
          "marginBottom": 2,
        }
      }
    >
      second
    </Text>
  </View>
  <View
    accessibilityComponentType={undefined}
    accessibilityLabel={undefined}
    accessibilityTraits={undefined}
    accessible={true}
    collapsable={undefined}
    hasTVPreferredFocus={undefined}
    hitSlop={undefined}
    isTVSelectable={true}
    nativeID={undefined}
    onLayout={undefined}
    onResponderGrant={[Function]}
    onResponderMove={[Function]}
    onResponderRelease={[Function]}
    onResponderTerminate={[Function]}
    onResponderTerminationRequest={[Function]}
    onStartShouldSetResponder={[Function]}
    style={
      Object {
        "opacity": 1,
        "position": "absolute",
        "right": 10,
        "top": 10,
      }
    }
    testID={undefined}
    tvParallaxProperties={undefined}
  >
    <Text
      accessible={true}
      allowFontScaling={true}
      ellipsizeMode="tail"
    />
  </View>
</View>
`;
